// Jest Snapshot v1, https://goo.gl/fbAQLP

exports[`Card should render all passed data 1`] = `
<article
  className="card"
>
  <img
    alt=""
    className="favIcon"
    onClick={[Function]}
    src="001-lightsaber.svg"
  />
  <h2>
    Beyonce
  </h2>
  <h3>
    Birth Year: 1990
  </h3>
  <h3>
    Gender: fierce
  </h3>
  <h3>
    Height: tall
  </h3>
  <h3>
    Eye Color: golden
  </h3>
  <Link
    className="detailsLink"
    key="Beyonce"
    to="/undefined/Beyonce"
  >
    More Details
  </Link>
</article>
`;
