// Jest Snapshot v1, https://goo.gl/fbAQLP

exports[`Header should render the movie title and faves button 1`] = `
<header>
  <Link
    to="/"
  >
    <h1
      onClick={[Function]}
    >
      LightSide
    </h1>
  </Link>
  <Link
    to="/Favorites"
  >
    <button
      className="faveBtn"
      onClick={[Function]}
    >
      View Favorites: 
    </button>
  </Link>
</header>
`;
