// Jest Snapshot v1, https://goo.gl/fbAQLP

exports[`Header should render the movie title and faves button 1`] = `
<header>
  <h1>
    LightSide
  </h1>
  <button
    className="faveBtn"
  >
    View Favorites: 
    <span
      className="faveCounter"
    >
       0
    </span>
  </button>
</header>
`;
